--- ball 5 deg wide, eye gain 120/s  [DNa02 L R | DNa01 L R | AOTU019 L R | AOTU025 L R]
  az= -90   82.5   0.0 |  1.5  0.0 |   38    0 |   70    0   turn= -83.2
  az= -70   67.5   0.0 |  0.0  0.0 |   50    0 |   47    0   turn= -67.5
  az= -50   18.5   0.0 |  0.0  0.0 |   50    0 |    8    0   turn= -18.5
  az= -30    6.5   0.0 |  0.0  0.0 |   39    0 |    0    0   turn=  -6.5
  az= -15    9.0   0.0 |  0.0  0.0 |   32    2 |    0    0   turn=  -9.0
  az=   0    7.5   0.0 |  0.0  0.0 |   31    8 |    0    0   turn=  -7.5
  az=  15    1.0   0.0 |  0.0  0.0 |   10   33 |    0    0   turn=  -1.0
  az=  30    0.0   2.5 |  0.0  0.0 |    0   61 |    0    0   turn=  +2.5
  az=  50    0.0  20.5 |  0.0  0.0 |    0   56 |    0    0   turn= +20.5
  az=  70    0.0  43.0 |  0.0  0.5 |    0   60 |    0   20   turn= +43.2
  az=  90    0.0  62.0 |  0.0  1.5 |    0   42 |    0   46   turn= +62.8
--- ball 20 deg wide, eye gain 120/s  [DNa02 L R | DNa01 L R | AOTU019 L R | AOTU025 L R]
  az= -90   88.0   0.0 |  6.0  0.0 |   44    0 |   78    0   turn= -91.0
  az= -70   73.5   0.0 |  1.5  0.0 |   60    0 |   52    0   turn= -74.2
  az= -50   26.5   0.0 |  0.0  0.0 |   59    0 |    6    0   turn= -26.5
  az= -30   16.0   0.0 |  0.0  0.0 |   53    0 |    0    0   turn= -16.0
  az= -15    8.0   0.0 |  0.0  0.0 |   48    2 |    0    0   turn=  -8.0
  az=   0    3.5   0.0 |  0.0  0.0 |   40   11 |    0    0   turn=  -3.5
  az=  15    2.0   0.0 |  0.0  0.0 |   19   46 |    0    0   turn=  -2.0
  az=  30    0.0   0.5 |  0.0  0.0 |    0   72 |    0    0   turn=  +0.5
  az=  50    0.0  18.0 |  0.0  0.0 |    0   75 |    0    2   turn= +18.0
  az=  70    0.0  50.5 |  0.0  3.0 |    0   79 |    0   29   turn= +52.0
  az=  90    0.0  69.0 |  0.0  6.0 |    0   52 |    0   58   turn= +72.0
--- ball 40 deg wide, eye gain 120/s  [DNa02 L R | DNa01 L R | AOTU019 L R | AOTU025 L R]
  az= -90  110.0   0.0 | 19.0  0.0 |   68    0 |  104    0   turn=-119.5
  az= -70   91.5   0.0 | 10.0  0.0 |   86    0 |   80    0   turn= -96.5
  az= -50   45.5   0.0 |  1.5  0.0 |   95    0 |   17    0   turn= -46.2
  az= -30    5.5   0.0 |  0.0  0.0 |   91    0 |    0    0   turn=  -5.5
  az= -15    1.0   0.0 |  0.0  0.0 |   86    2 |    0    0   turn=  -1.0
  az=   0    1.0   0.0 |  0.0  0.0 |   70   40 |    0    0   turn=  -1.0
  az=  15    1.5   0.0 |  0.0  0.0 |   46   74 |    0    0   turn=  -1.5
  az=  30    0.0   0.5 |  0.0  0.0 |    8  101 |    0    0   turn=  +0.5
  az=  50    0.0   6.0 |  0.0  2.0 |    0  116 |    0    2   turn=  +7.0
  az=  70    0.0  59.0 |  0.0 12.0 |    0  108 |    0   53   turn= +65.0
  az=  90    0.0  86.5 |  0.0 17.0 |    0   84 |    0   82   turn= +95.0
--- ball 20 deg wide, eye gain 45/s  [DNa02 L R | DNa01 L R | AOTU019 L R | AOTU025 L R]
  az= -90   56.0   0.0 |  0.0  0.0 |   18    0 |   42    0   turn= -56.0
  az= -70   32.0   0.0 |  0.0  0.0 |   24    0 |   27    0   turn= -32.0
  az= -50    3.5   0.0 |  0.0  0.0 |   24    0 |    4    0   turn=  -3.5
  az= -30    0.0   0.0 |  0.0  0.0 |   24    0 |    0    0   turn=  +0.0
  az= -15    0.0   0.0 |  0.0  0.0 |   20    1 |    0    0   turn=  +0.0
  az=   0    0.0   0.0 |  0.0  0.0 |   16   12 |    0    0   turn=  +0.0
  az=  15    0.0   0.0 |  0.0  0.0 |    6   22 |    0    0   turn=  +0.0
  az=  30    0.0   0.5 |  0.0  0.0 |    0   28 |    0    0   turn=  +0.5
  az=  50    0.0   3.5 |  0.0  0.0 |    0   30 |    0    0   turn=  +3.5
  az=  70    0.0  19.0 |  0.0  0.0 |    0   30 |    0   12   turn= +19.0
  az=  90    0.0  33.0 |  0.0  0.0 |    0   20 |    0   32   turn= +33.0
